/home/schlag/repo/schlag_git/codestyle/../src/external/fp_compare/Utils.h
/home/schlag/repo/schlag_git/codestyle/../src/external/binary_heap/UnboundedBinaryHeap.h
/home/schlag/repo/schlag_git/codestyle/../src/external/binary_heap/HeapStatisticData.cpp
/home/schlag/repo/schlag_git/codestyle/../src/external/binary_heap/NullData.hpp
/home/schlag/repo/schlag_git/codestyle/../src/external/binary_heap/Functors.hpp
/home/schlag/repo/schlag_git/codestyle/../src/external/binary_heap/exception.h
/home/schlag/repo/schlag_git/codestyle/../src/external/binary_heap/DataElement.h
/home/schlag/repo/schlag_git/codestyle/../src/external/binary_heap/QueueStorages.hpp
/home/schlag/repo/schlag_git/codestyle/../src/external/binary_heap/NoDataBinaryHeap.h
/home/schlag/repo/schlag_git/codestyle/../src/external/binary_heap/BinaryHeap.hpp
/home/schlag/repo/schlag_git/codestyle/../src/external/binary_heap/HeapStatisticData.hpp
/home/schlag/repo/schlag_git/codestyle/../src/external/sqlplot-tools/cmake/FindPostgreSQL.cmake
/home/schlag/repo/schlag_git/codestyle/../src/external/sqlplot-tools/CMakeLists.txt
/home/schlag/repo/schlag_git/codestyle/../src/external/sqlplot-tools/README.md
/home/schlag/repo/schlag_git/codestyle/../src/external/sqlplot-tools/src/fieldset.h
/home/schlag/repo/schlag_git/codestyle/../src/external/sqlplot-tools/src/sp-process.cpp
/home/schlag/repo/schlag_git/codestyle/../src/external/sqlplot-tools/src/pgsql.h
/home/schlag/repo/schlag_git/codestyle/../src/external/sqlplot-tools/src/importdata.cpp
/home/schlag/repo/schlag_git/codestyle/../src/external/sqlplot-tools/src/sql.h
/home/schlag/repo/schlag_git/codestyle/../src/external/sqlplot-tools/src/textlines.h
/home/schlag/repo/schlag_git/codestyle/../src/external/sqlplot-tools/src/simpleglob.h
/home/schlag/repo/schlag_git/codestyle/../src/external/sqlplot-tools/src/common.cpp
/home/schlag/repo/schlag_git/codestyle/../src/external/sqlplot-tools/src/common.h
/home/schlag/repo/schlag_git/codestyle/../src/external/sqlplot-tools/src/simpleopt.h
/home/schlag/repo/schlag_git/codestyle/../src/external/sqlplot-tools/src/importdata.h
/home/schlag/repo/schlag_git/codestyle/../src/external/sqlplot-tools/src/sql.cpp
/home/schlag/repo/schlag_git/codestyle/../src/external/sqlplot-tools/src/sqlite-functions.cpp
/home/schlag/repo/schlag_git/codestyle/../src/external/sqlplot-tools/src/strtools.h
/home/schlag/repo/schlag_git/codestyle/../src/external/sqlplot-tools/src/fieldset.cpp
/home/schlag/repo/schlag_git/codestyle/../src/external/sqlplot-tools/src/CMakeLists.txt
/home/schlag/repo/schlag_git/codestyle/../src/external/sqlplot-tools/src/latex.cpp
/home/schlag/repo/schlag_git/codestyle/../src/external/sqlplot-tools/src/sqlite.cpp
/home/schlag/repo/schlag_git/codestyle/../src/external/sqlplot-tools/src/pgsql.cpp
/home/schlag/repo/schlag_git/codestyle/../src/external/sqlplot-tools/src/mysql.cpp
/home/schlag/repo/schlag_git/codestyle/../src/external/sqlplot-tools/src/reformat.cpp
/home/schlag/repo/schlag_git/codestyle/../src/external/sqlplot-tools/src/sqlite.h
/home/schlag/repo/schlag_git/codestyle/../src/external/sqlplot-tools/src/reformat.h
/home/schlag/repo/schlag_git/codestyle/../src/external/sqlplot-tools/src/mysql.h
/home/schlag/repo/schlag_git/codestyle/../src/external/sqlplot-tools/src/gnuplot.cpp
/home/schlag/repo/schlag_git/codestyle/../src/external/sqlplot-tools/tests/gnuplot/plot1-data.txt
/home/schlag/repo/schlag_git/codestyle/../src/external/sqlplot-tools/tests/gnuplot/plot1.out
/home/schlag/repo/schlag_git/codestyle/../src/external/sqlplot-tools/tests/gnuplot/macro1-data.txt
/home/schlag/repo/schlag_git/codestyle/../src/external/sqlplot-tools/tests/gnuplot/CMakeLists.txt
/home/schlag/repo/schlag_git/codestyle/../src/external/sqlplot-tools/tests/gnuplot/test.data
/home/schlag/repo/schlag_git/codestyle/../src/external/sqlplot-tools/tests/gnuplot/macro1.gp
/home/schlag/repo/schlag_git/codestyle/../src/external/sqlplot-tools/tests/gnuplot/multiplot1.gp
/home/schlag/repo/schlag_git/codestyle/../src/external/sqlplot-tools/tests/gnuplot/plot1.gp
/home/schlag/repo/schlag_git/codestyle/../src/external/sqlplot-tools/tests/gnuplot/multiplot1.out
/home/schlag/repo/schlag_git/codestyle/../src/external/sqlplot-tools/tests/gnuplot/macro1.out
/home/schlag/repo/schlag_git/codestyle/../src/external/sqlplot-tools/tests/gnuplot/multiplot1-data.txt
/home/schlag/repo/schlag_git/codestyle/../src/external/sqlplot-tools/tests/CMakeLists.txt
/home/schlag/repo/schlag_git/codestyle/../src/external/sqlplot-tools/tests/latex/plot1.tex
/home/schlag/repo/schlag_git/codestyle/../src/external/sqlplot-tools/tests/latex/texttable1.out
/home/schlag/repo/schlag_git/codestyle/../src/external/sqlplot-tools/tests/latex/texttable1.tex
/home/schlag/repo/schlag_git/codestyle/../src/external/sqlplot-tools/tests/latex/plot1.out
/home/schlag/repo/schlag_git/codestyle/../src/external/sqlplot-tools/tests/latex/tabular1.tex
/home/schlag/repo/schlag_git/codestyle/../src/external/sqlplot-tools/tests/latex/format1.tex
/home/schlag/repo/schlag_git/codestyle/../src/external/sqlplot-tools/tests/latex/CMakeLists.txt
/home/schlag/repo/schlag_git/codestyle/../src/external/sqlplot-tools/tests/latex/format1.out
/home/schlag/repo/schlag_git/codestyle/../src/external/sqlplot-tools/tests/latex/test.data
/home/schlag/repo/schlag_git/codestyle/../src/external/sqlplot-tools/tests/latex/multiplot1.tex
/home/schlag/repo/schlag_git/codestyle/../src/external/sqlplot-tools/tests/latex/multiplot1.out
/home/schlag/repo/schlag_git/codestyle/../src/external/sqlplot-tools/tests/latex/tabular1.out
/home/schlag/repo/schlag_git/codestyle/../src/external/sqlplot-tools/.travis.yml
/home/schlag/repo/schlag_git/codestyle/../src/external/sqlplot-tools/build/cmake_install.cmake
/home/schlag/repo/schlag_git/codestyle/../src/external/sqlplot-tools/build/CMakeFiles/Makefile.cmake
/home/schlag/repo/schlag_git/codestyle/../src/external/sqlplot-tools/build/CMakeFiles/CompilerIdC/a.out
/home/schlag/repo/schlag_git/codestyle/../src/external/sqlplot-tools/build/CMakeFiles/CompilerIdC/CMakeCCompilerId.c
/home/schlag/repo/schlag_git/codestyle/../src/external/sqlplot-tools/build/CMakeFiles/TargetDirectories.txt
/home/schlag/repo/schlag_git/codestyle/../src/external/sqlplot-tools/build/CMakeFiles/CMakeCXXCompiler.cmake
/home/schlag/repo/schlag_git/codestyle/../src/external/sqlplot-tools/build/CMakeFiles/CMakeOutput.log
/home/schlag/repo/schlag_git/codestyle/../src/external/sqlplot-tools/build/CMakeFiles/CMakeDetermineCompilerABI_C.bin
/home/schlag/repo/schlag_git/codestyle/../src/external/sqlplot-tools/build/CMakeFiles/CMakeDetermineCompilerABI_CXX.bin
/home/schlag/repo/schlag_git/codestyle/../src/external/sqlplot-tools/build/CMakeFiles/CMakeCCompiler.cmake
/home/schlag/repo/schlag_git/codestyle/../src/external/sqlplot-tools/build/CMakeFiles/CMakeDirectoryInformation.cmake
/home/schlag/repo/schlag_git/codestyle/../src/external/sqlplot-tools/build/CMakeFiles/CMakeSystem.cmake
/home/schlag/repo/schlag_git/codestyle/../src/external/sqlplot-tools/build/CMakeFiles/Makefile2
/home/schlag/repo/schlag_git/codestyle/../src/external/sqlplot-tools/build/CMakeFiles/CompilerIdCXX/CMakeCXXCompilerId.cpp
/home/schlag/repo/schlag_git/codestyle/../src/external/sqlplot-tools/build/CMakeFiles/CompilerIdCXX/a.out
/home/schlag/repo/schlag_git/codestyle/../src/external/sqlplot-tools/build/CMakeFiles/progress.marks
/home/schlag/repo/schlag_git/codestyle/../src/external/sqlplot-tools/build/CMakeFiles/cmake.check_cache
/home/schlag/repo/schlag_git/codestyle/../src/external/sqlplot-tools/build/CMakeCache.txt
/home/schlag/repo/schlag_git/codestyle/../src/external/sqlplot-tools/build/src/cmake_install.cmake
/home/schlag/repo/schlag_git/codestyle/../src/external/sqlplot-tools/build/src/CMakeFiles/CMakeDirectoryInformation.cmake
/home/schlag/repo/schlag_git/codestyle/../src/external/sqlplot-tools/build/src/CMakeFiles/sp-process.dir/build.make
/home/schlag/repo/schlag_git/codestyle/../src/external/sqlplot-tools/build/src/CMakeFiles/sp-process.dir/common.cpp.o
/home/schlag/repo/schlag_git/codestyle/../src/external/sqlplot-tools/build/src/CMakeFiles/sp-process.dir/gnuplot.cpp.o
/home/schlag/repo/schlag_git/codestyle/../src/external/sqlplot-tools/build/src/CMakeFiles/sp-process.dir/CXX.includecache
/home/schlag/repo/schlag_git/codestyle/../src/external/sqlplot-tools/build/src/CMakeFiles/sp-process.dir/DependInfo.cmake
/home/schlag/repo/schlag_git/codestyle/../src/external/sqlplot-tools/build/src/CMakeFiles/sp-process.dir/latex.cpp.o
/home/schlag/repo/schlag_git/codestyle/../src/external/sqlplot-tools/build/src/CMakeFiles/sp-process.dir/pgsql.cpp.o
/home/schlag/repo/schlag_git/codestyle/../src/external/sqlplot-tools/build/src/CMakeFiles/sp-process.dir/mysql.cpp.o
/home/schlag/repo/schlag_git/codestyle/../src/external/sqlplot-tools/build/src/CMakeFiles/sp-process.dir/sqlite-functions.cpp.o
/home/schlag/repo/schlag_git/codestyle/../src/external/sqlplot-tools/build/src/CMakeFiles/sp-process.dir/sp-process.cpp.o
/home/schlag/repo/schlag_git/codestyle/../src/external/sqlplot-tools/build/src/CMakeFiles/sp-process.dir/progress.make
/home/schlag/repo/schlag_git/codestyle/../src/external/sqlplot-tools/build/src/CMakeFiles/sp-process.dir/depend.internal
/home/schlag/repo/schlag_git/codestyle/../src/external/sqlplot-tools/build/src/CMakeFiles/sp-process.dir/flags.make
/home/schlag/repo/schlag_git/codestyle/../src/external/sqlplot-tools/build/src/CMakeFiles/sp-process.dir/fieldset.cpp.o
/home/schlag/repo/schlag_git/codestyle/../src/external/sqlplot-tools/build/src/CMakeFiles/sp-process.dir/importdata.cpp.o
/home/schlag/repo/schlag_git/codestyle/../src/external/sqlplot-tools/build/src/CMakeFiles/sp-process.dir/sqlite.cpp.o
/home/schlag/repo/schlag_git/codestyle/../src/external/sqlplot-tools/build/src/CMakeFiles/sp-process.dir/sql.cpp.o
/home/schlag/repo/schlag_git/codestyle/../src/external/sqlplot-tools/build/src/CMakeFiles/sp-process.dir/depend.make
/home/schlag/repo/schlag_git/codestyle/../src/external/sqlplot-tools/build/src/CMakeFiles/sp-process.dir/cmake_clean.cmake
/home/schlag/repo/schlag_git/codestyle/../src/external/sqlplot-tools/build/src/CMakeFiles/sp-process.dir/reformat.cpp.o
/home/schlag/repo/schlag_git/codestyle/../src/external/sqlplot-tools/build/src/CMakeFiles/sp-process.dir/link.txt
/home/schlag/repo/schlag_git/codestyle/../src/external/sqlplot-tools/build/src/CMakeFiles/progress.marks
/home/schlag/repo/schlag_git/codestyle/../src/external/sqlplot-tools/build/src/sp-process
/home/schlag/repo/schlag_git/codestyle/../src/external/sqlplot-tools/build/src/CTestTestfile.cmake
/home/schlag/repo/schlag_git/codestyle/../src/external/sqlplot-tools/build/src/Makefile
/home/schlag/repo/schlag_git/codestyle/../src/external/sqlplot-tools/build/CTestTestfile.cmake
/home/schlag/repo/schlag_git/codestyle/../src/external/sqlplot-tools/build/tests/gnuplot/cmake_install.cmake
/home/schlag/repo/schlag_git/codestyle/../src/external/sqlplot-tools/build/tests/gnuplot/CMakeFiles/CMakeDirectoryInformation.cmake
/home/schlag/repo/schlag_git/codestyle/../src/external/sqlplot-tools/build/tests/gnuplot/CMakeFiles/progress.marks
/home/schlag/repo/schlag_git/codestyle/../src/external/sqlplot-tools/build/tests/gnuplot/CTestTestfile.cmake
/home/schlag/repo/schlag_git/codestyle/../src/external/sqlplot-tools/build/tests/gnuplot/Makefile
/home/schlag/repo/schlag_git/codestyle/../src/external/sqlplot-tools/build/tests/cmake_install.cmake
/home/schlag/repo/schlag_git/codestyle/../src/external/sqlplot-tools/build/tests/CMakeFiles/CMakeDirectoryInformation.cmake
/home/schlag/repo/schlag_git/codestyle/../src/external/sqlplot-tools/build/tests/CMakeFiles/progress.marks
/home/schlag/repo/schlag_git/codestyle/../src/external/sqlplot-tools/build/tests/latex/cmake_install.cmake
/home/schlag/repo/schlag_git/codestyle/../src/external/sqlplot-tools/build/tests/latex/CMakeFiles/CMakeDirectoryInformation.cmake
/home/schlag/repo/schlag_git/codestyle/../src/external/sqlplot-tools/build/tests/latex/CMakeFiles/progress.marks
/home/schlag/repo/schlag_git/codestyle/../src/external/sqlplot-tools/build/tests/latex/CTestTestfile.cmake
/home/schlag/repo/schlag_git/codestyle/../src/external/sqlplot-tools/build/tests/latex/Makefile
/home/schlag/repo/schlag_git/codestyle/../src/external/sqlplot-tools/build/tests/CTestTestfile.cmake
/home/schlag/repo/schlag_git/codestyle/../src/external/sqlplot-tools/build/tests/Makefile
/home/schlag/repo/schlag_git/codestyle/../src/external/sqlplot-tools/build/Makefile
/home/schlag/repo/schlag_git/codestyle/../src/external/sqlplot-tools/.git
/home/schlag/repo/schlag_git/codestyle/../src/external/sqlplot-tools/examples/stats_writer/stats_writer.h
/home/schlag/repo/schlag_git/codestyle/../src/external/sqlplot-tools/examples/stats_writer/CMakeLists.txt
/home/schlag/repo/schlag_git/codestyle/../src/external/sqlplot-tools/examples/stats_writer/test.cpp
/home/schlag/repo/schlag_git/codestyle/../src/external/sqlplot-tools/examples/sorting-speed/paper.pdf
/home/schlag/repo/schlag_git/codestyle/../src/external/sqlplot-tools/examples/sorting-speed/speed-data.txt
/home/schlag/repo/schlag_git/codestyle/../src/external/sqlplot-tools/examples/sorting-speed/paper.tex
/home/schlag/repo/schlag_git/codestyle/../src/external/sqlplot-tools/examples/sorting-speed/speed.plot
/home/schlag/repo/schlag_git/codestyle/../src/external/sqlplot-tools/examples/sorting-speed/sorting-speed.cpp
/home/schlag/repo/schlag_git/codestyle/../src/external/sqlplot-tools/examples/sorting-speed/CMakeLists.txt
/home/schlag/repo/schlag_git/codestyle/../src/external/sqlplot-tools/examples/sorting-speed/speed.pdf
/home/schlag/repo/schlag_git/codestyle/../src/external/sqlplot-tools/examples/sorting-speed/stats.txt
