/home/schlag/repo/schlag_git/codestyle/../src/external/fp_compare/Utils.h
/home/schlag/repo/schlag_git/codestyle/../src/external/binary_heap/HeapStatisticData.cpp
/home/schlag/repo/schlag_git/codestyle/../src/external/binary_heap/NullData.hpp
/home/schlag/repo/schlag_git/codestyle/../src/external/binary_heap/Functors.hpp
/home/schlag/repo/schlag_git/codestyle/../src/external/binary_heap/exception.h
/home/schlag/repo/schlag_git/codestyle/../src/external/binary_heap/DataElement.h
/home/schlag/repo/schlag_git/codestyle/../src/external/binary_heap/QueueStorages.hpp
/home/schlag/repo/schlag_git/codestyle/../src/external/binary_heap/BinaryHeap.hpp
/home/schlag/repo/schlag_git/codestyle/../src/external/binary_heap/HeapStatisticData.hpp
/home/schlag/repo/schlag_git/codestyle/../src/external/sqlite3pp/src/sqlite3ppext.h
/home/schlag/repo/schlag_git/codestyle/../src/external/sqlite3pp/src/testfunction.cpp
/home/schlag/repo/schlag_git/codestyle/../src/external/sqlite3pp/src/testselect.cpp
/home/schlag/repo/schlag_git/codestyle/../src/external/sqlite3pp/src/testcallback.cpp
/home/schlag/repo/schlag_git/codestyle/../src/external/sqlite3pp/src/testdisconnect.cpp
/home/schlag/repo/schlag_git/codestyle/../src/external/sqlite3pp/src/testinsertall.cpp
/home/schlag/repo/schlag_git/codestyle/../src/external/sqlite3pp/src/testaggregate.cpp
/home/schlag/repo/schlag_git/codestyle/../src/external/sqlite3pp/src/sqlite3pp.h
/home/schlag/repo/schlag_git/codestyle/../src/external/sqlite3pp/src/testinsert.cpp
/home/schlag/repo/schlag_git/codestyle/../src/external/sqlite3pp/src/sqlite3pp.cpp
/home/schlag/repo/schlag_git/codestyle/../src/external/sqlite3pp/src/sqlite3ppext.cpp
/home/schlag/repo/schlag_git/codestyle/../src/external/sqlite3pp/src/testattach.cpp
/home/schlag/repo/schlag_git/codestyle/../src/external/sqlite3pp/.git
